C: [ T T F T F ]
A: [ 1.00 2.00 3.00 4.00 5.00 ]
B: [ 0.10 0.20 0.30 0.40 0.50 ]
W: [ 1.00 2.00 0.30 4.00 0.50 ]
